
Temporal 40% + Higher Sigma Optimizer
======================================================================
Samples: 80, Workers: 7
Fevals: 20/36
Sigma: 0.15/0.19
Timestep fraction: 40%
Final polish: 6 iterations
======================================================================
[  1/80] Sample   4: 1-src RMSE=0.1508 cands=3 time=24.9s [OK]
[  2/80] Sample   1: 1-src RMSE=0.1028 cands=3 time=26.0s [OK]
[  3/80] Sample   2: 1-src RMSE=0.0065 cands=3 time=27.3s [OK]
[  4/80] Sample   5: 1-src RMSE=0.1527 cands=3 time=30.6s [OK]
[  5/80] Sample   6: 1-src RMSE=0.1045 cands=3 time=31.6s [OK]
[  6/80] Sample   0: 1-src RMSE=0.1055 cands=3 time=32.1s [OK]
[  7/80] Sample   3: 1-src RMSE=0.2012 cands=3 time=33.2s [OK]
[  8/80] Sample   8: 1-src RMSE=0.0979 cands=3 time=30.2s [OK]
[  9/80] Sample  12: 1-src RMSE=0.1647 cands=3 time=28.9s [OK]
[ 10/80] Sample   9: 1-src RMSE=0.1463 cands=3 time=38.1s [OK]
[ 11/80] Sample   7: 1-src RMSE=0.2253 cands=3 time=42.2s [OK]
[ 12/80] Sample  10: 1-src RMSE=0.1518 cands=3 time=42.2s [OK]
[ 13/80] Sample  11: 1-src RMSE=0.0073 cands=3 time=45.3s [OK]
[ 14/80] Sample  13: 1-src RMSE=0.0759 cands=3 time=46.9s [OK]
[ 15/80] Sample  16: 1-src RMSE=0.1536 cands=3 time=29.2s [OK]
[ 16/80] Sample  14: 1-src RMSE=0.1499 cands=3 time=43.7s [OK]
[ 17/80] Sample  15: 1-src RMSE=0.0588 cands=3 time=42.6s [OK]
[ 18/80] Sample  17: 1-src RMSE=0.1010 cands=3 time=39.4s [OK]
[ 19/80] Sample  20: 1-src RMSE=0.0185 cands=3 time=29.9s [OK]
[ 20/80] Sample  18: 1-src RMSE=0.1071 cands=3 time=45.7s [OK]
[ 21/80] Sample  19: 1-src RMSE=0.1004 cands=3 time=42.2s [OK]
[ 22/80] Sample  21: 1-src RMSE=0.0548 cands=3 time=28.3s [OK]
[ 23/80] Sample  24: 1-src RMSE=0.1064 cands=3 time=28.3s [OK]
[ 24/80] Sample  25: 1-src RMSE=0.1000 cands=3 time=30.3s [OK]
[ 25/80] Sample  22: 1-src RMSE=0.1048 cands=3 time=44.5s [OK]
[ 26/80] Sample  23: 1-src RMSE=0.1014 cands=3 time=43.6s [OK]
[ 27/80] Sample  26: 1-src RMSE=0.1522 cands=3 time=29.1s [OK]
[ 28/80] Sample  28: 1-src RMSE=0.1402 cands=3 time=27.1s [OK]
[ 29/80] Sample  27: 1-src RMSE=0.1507 cands=3 time=47.7s [OK]
[ 30/80] Sample  29: 1-src RMSE=0.0991 cands=3 time=39.0s [OK]
[ 31/80] Sample  31: 1-src RMSE=0.0999 cands=3 time=29.6s [OK]
[ 32/80] Sample  30: 1-src RMSE=0.1013 cands=3 time=36.1s [OK]
[ 33/80] Sample  33: 2-src RMSE=0.1609 cands=3 time=68.2s [OK]
[ 34/80] Sample  32: 2-src RMSE=0.0268 cands=3 time=85.6s [OK]
[ 35/80] Sample  34: 2-src RMSE=0.3023 cands=3 time=83.0s [OK]
[ 36/80] Sample  35: 2-src RMSE=0.1056 cands=3 time=69.3s [OK]
[ 37/80] Sample  37: 2-src RMSE=0.1517 cands=3 time=67.0s [OK]
[ 38/80] Sample  36: 2-src RMSE=0.1231 cands=3 time=108.7s [OK]
[ 39/80] Sample  38: 2-src RMSE=0.1498 cands=3 time=107.1s [OK]
[ 40/80] Sample  39: 2-src RMSE=0.1589 cands=3 time=70.3s [OK]
[ 41/80] Sample  41: 2-src RMSE=0.1141 cands=3 time=69.9s [OK]
[ 42/80] Sample  40: 2-src RMSE=0.3735 cands=3 time=73.2s [OK]
[ 43/80] Sample  43: 2-src RMSE=0.1081 cands=3 time=68.9s [OK]
[ 44/80] Sample  42: 2-src RMSE=0.2707 cands=3 time=108.9s [OK]
[ 45/80] Sample  44: 2-src RMSE=0.1384 cands=3 time=69.3s [OK]
[ 46/80] Sample  45: 2-src RMSE=0.1884 cands=3 time=71.8s [OK]
[ 47/80] Sample  47: 2-src RMSE=0.1072 cands=3 time=66.1s [OK]
[ 48/80] Sample  49: 2-src RMSE=0.1562 cands=3 time=62.4s [OK]
[ 49/80] Sample  48: 2-src RMSE=0.2796 cands=3 time=70.0s [OK]
[ 50/80] Sample  46: 2-src RMSE=0.1032 cands=3 time=105.5s [OK]
[ 51/80] Sample  50: 2-src RMSE=0.4866 cands=3 time=74.1s [OK]
[ 52/80] Sample  51: 2-src RMSE=0.1469 cands=3 time=72.9s [OK]
[ 53/80] Sample  53: 2-src RMSE=0.0539 cands=3 time=68.7s [OK]
[ 54/80] Sample  54: 2-src RMSE=0.1141 cands=3 time=67.9s [OK]
[ 55/80] Sample  55: 2-src RMSE=0.0346 cands=3 time=73.7s [OK]
[ 56/80] Sample  52: 2-src RMSE=0.2434 cands=3 time=107.2s [OK]
[ 57/80] Sample  56: 2-src RMSE=0.1130 cands=3 time=104.2s [OK]
[ 58/80] Sample  59: 2-src RMSE=0.0339 cands=3 time=67.8s [OK]
[ 59/80] Sample  57: 2-src RMSE=0.1860 cands=3 time=89.6s [OK]
[ 60/80] Sample  60: 2-src RMSE=0.1244 cands=3 time=70.7s [OK]
[ 61/80] Sample  61: 2-src RMSE=0.0663 cands=3 time=70.3s [OK]
[ 62/80] Sample  58: 2-src RMSE=0.1014 cands=3 time=110.0s [OK]
[ 63/80] Sample  63: 2-src RMSE=0.3165 cands=3 time=70.3s [OK]
[ 64/80] Sample  62: 2-src RMSE=0.1703 cands=3 time=106.1s [OK]
[ 65/80] Sample  64: 2-src RMSE=0.1078 cands=3 time=71.1s [OK]
[ 66/80] Sample  66: 2-src RMSE=0.0917 cands=3 time=68.8s [OK]
[ 67/80] Sample  68: 2-src RMSE=0.1026 cands=3 time=72.3s [OK]
[ 68/80] Sample  65: 2-src RMSE=0.1913 cands=3 time=111.1s [OK]
[ 69/80] Sample  67: 2-src RMSE=0.2250 cands=3 time=111.7s [OK]
[ 70/80] Sample  70: 2-src RMSE=0.1334 cands=3 time=70.2s [OK]
[ 71/80] Sample  72: 2-src RMSE=0.2044 cands=3 time=69.5s [OK]
[ 72/80] Sample  71: 2-src RMSE=0.2386 cands=3 time=73.3s [OK]
[ 73/80] Sample  69: 2-src RMSE=0.3413 cands=3 time=111.2s [OK]
[ 74/80] Sample  74: 2-src RMSE=0.1208 cands=3 time=66.9s [OK]
[ 75/80] Sample  73: 2-src RMSE=0.1823 cands=3 time=89.5s [OK]
[ 76/80] Sample  77: 2-src RMSE=0.1528 cands=3 time=64.1s [OK]
[ 77/80] Sample  75: 2-src RMSE=0.1088 cands=3 time=88.2s [OK]
[ 78/80] Sample  76: 2-src RMSE=0.1619 cands=3 time=91.5s [OK]
[ 79/80] Sample  79: 2-src RMSE=0.1425 cands=3 time=63.4s [OK]
[ 80/80] Sample  78: 2-src RMSE=0.2314 cands=3 time=94.4s [OK]

======================================================================
RESULTS
======================================================================
RMSE:             0.144247
Submission Score: 1.1780
Projected (400):  62.0 min

  1-source: RMSE=0.1123 (n=32)
  2-source: RMSE=0.1656 (n=48)

W2 Baseline (40% temporal + polish): 1.1688 @ 58.4 min
This run: 1.1780 @ 62.0 min
Delta vs W2: +0.0092 score, +3.6 min

OVER BUDGET
======================================================================


High RMSE samples (1):
  Sample 50: 2-src RMSE=0.4866
