
Temporal 40% + Higher Sigma Optimizer
======================================================================
Samples: 80, Workers: 7
Fevals: 18/32
Sigma: 0.18/0.22
Timestep fraction: 40%
Final polish: 6 iterations
======================================================================
[  1/80] Sample   1: 1-src RMSE=0.1024 cands=3 time=28.1s [OK]
[  2/80] Sample   2: 1-src RMSE=0.0368 cands=3 time=29.0s [OK]
[  3/80] Sample   4: 1-src RMSE=0.1512 cands=3 time=30.0s [OK]
[  4/80] Sample   3: 1-src RMSE=0.0359 cands=3 time=35.0s [OK]
[  5/80] Sample   0: 1-src RMSE=0.1088 cands=3 time=36.2s [OK]
[  6/80] Sample   5: 1-src RMSE=0.1611 cands=3 time=37.1s [OK]
[  7/80] Sample   6: 1-src RMSE=0.0993 cands=3 time=38.3s [OK]
[  8/80] Sample   8: 1-src RMSE=0.1026 cands=3 time=28.4s [OK]
[  9/80] Sample  12: 1-src RMSE=0.1511 cands=3 time=29.3s [OK]
[ 10/80] Sample   9: 1-src RMSE=0.1473 cands=3 time=38.5s [OK]
[ 11/80] Sample   7: 1-src RMSE=0.2199 cands=3 time=45.7s [OK]
[ 12/80] Sample  10: 1-src RMSE=0.1542 cands=3 time=45.6s [OK]
[ 13/80] Sample  13: 1-src RMSE=0.1240 cands=3 time=45.0s [OK]
[ 14/80] Sample  11: 1-src RMSE=0.0056 cands=3 time=48.7s [OK]
[ 15/80] Sample  14: 1-src RMSE=0.1517 cands=3 time=44.0s [OK]
[ 16/80] Sample  16: 1-src RMSE=0.1520 cands=3 time=33.4s [OK]
[ 17/80] Sample  15: 1-src RMSE=0.0338 cands=3 time=47.6s [OK]
[ 18/80] Sample  20: 1-src RMSE=0.0076 cands=3 time=30.6s [OK]
[ 19/80] Sample  17: 1-src RMSE=0.1001 cands=3 time=46.3s [OK]
[ 20/80] Sample  19: 1-src RMSE=0.0989 cands=3 time=42.7s [OK]
[ 21/80] Sample  18: 1-src RMSE=0.1013 cands=3 time=46.1s [OK]
[ 22/80] Sample  21: 1-src RMSE=0.0375 cands=3 time=28.7s [OK]
[ 23/80] Sample  24: 1-src RMSE=0.1026 cands=3 time=30.7s [OK]
[ 24/80] Sample  22: 1-src RMSE=0.1152 cands=3 time=44.6s [OK]
[ 25/80] Sample  25: 1-src RMSE=0.1139 cands=3 time=30.7s [OK]
[ 26/80] Sample  26: 1-src RMSE=0.1524 cands=3 time=28.1s [OK]
[ 27/80] Sample  23: 1-src RMSE=0.1012 cands=3 time=42.2s [OK]
[ 28/80] Sample  28: 1-src RMSE=0.1247 cands=3 time=30.9s [OK]
[ 29/80] Sample  27: 1-src RMSE=0.1507 cands=3 time=45.2s [OK]
[ 30/80] Sample  31: 1-src RMSE=0.1002 cands=3 time=29.3s [OK]
[ 31/80] Sample  30: 1-src RMSE=0.1113 cands=3 time=38.4s [OK]
[ 32/80] Sample  29: 1-src RMSE=0.0991 cands=3 time=39.4s [OK]
[ 33/80] Sample  33: 2-src RMSE=0.1727 cands=3 time=65.5s [OK]
[ 34/80] Sample  32: 2-src RMSE=0.1267 cands=3 time=85.8s [OK]
[ 35/80] Sample  35: 2-src RMSE=0.1316 cands=3 time=71.2s [OK]
[ 36/80] Sample  34: 2-src RMSE=0.1588 cands=3 time=91.9s [OK]
[ 37/80] Sample  37: 2-src RMSE=0.1781 cands=3 time=72.0s [OK]
[ 38/80] Sample  36: 2-src RMSE=0.1466 cands=3 time=103.9s [OK]
[ 39/80] Sample  39: 2-src RMSE=0.2013 cands=3 time=64.3s [OK]
[ 40/80] Sample  38: 2-src RMSE=0.1521 cands=3 time=107.5s [OK]
[ 41/80] Sample  40: 2-src RMSE=0.1962 cands=3 time=70.4s [OK]
[ 42/80] Sample  41: 2-src RMSE=0.1073 cands=3 time=72.4s [OK]
[ 43/80] Sample  43: 2-src RMSE=0.1782 cands=3 time=64.4s [OK]
[ 44/80] Sample  45: 2-src RMSE=0.1911 cands=3 time=63.0s [OK]
[ 45/80] Sample  42: 2-src RMSE=0.1948 cands=3 time=103.3s [OK]
[ 46/80] Sample  44: 2-src RMSE=0.1293 cands=3 time=73.7s [OK]
[ 47/80] Sample  47: 2-src RMSE=0.1035 cands=3 time=67.6s [OK]
[ 48/80] Sample  49: 2-src RMSE=0.1665 cands=3 time=66.4s [OK]
[ 49/80] Sample  48: 2-src RMSE=0.3254 cands=3 time=73.0s [OK]
[ 50/80] Sample  46: 2-src RMSE=0.1872 cands=3 time=107.7s [OK]
[ 51/80] Sample  50: 2-src RMSE=0.2271 cands=3 time=68.4s [OK]
[ 52/80] Sample  51: 2-src RMSE=0.1264 cands=3 time=70.4s [OK]
[ 53/80] Sample  54: 2-src RMSE=0.1224 cands=3 time=62.9s [OK]
[ 54/80] Sample  53: 2-src RMSE=0.0714 cands=3 time=73.9s [OK]
[ 55/80] Sample  52: 2-src RMSE=0.1931 cands=3 time=99.9s [OK]
[ 56/80] Sample  55: 2-src RMSE=0.0250 cands=3 time=70.7s [OK]
[ 57/80] Sample  57: 2-src RMSE=0.4639 cands=3 time=89.4s [OK]
[ 58/80] Sample  56: 2-src RMSE=0.1115 cands=3 time=110.8s [OK]
[ 59/80] Sample  61: 2-src RMSE=0.1247 cands=3 time=62.0s [OK]
[ 60/80] Sample  59: 2-src RMSE=0.0762 cands=3 time=69.4s [OK]
[ 61/80] Sample  60: 2-src RMSE=0.1091 cands=3 time=72.9s [OK]
[ 62/80] Sample  58: 2-src RMSE=0.0993 cands=3 time=104.9s [OK]
[ 63/80] Sample  62: 2-src RMSE=0.1232 cands=3 time=96.3s [OK]
[ 64/80] Sample  63: 2-src RMSE=0.3211 cands=3 time=62.0s [OK]
[ 65/80] Sample  64: 2-src RMSE=0.1055 cands=3 time=62.4s [OK]
[ 66/80] Sample  66: 2-src RMSE=0.2857 cands=3 time=66.4s [OK]
[ 67/80] Sample  68: 2-src RMSE=0.1340 cands=3 time=63.7s [OK]
[ 68/80] Sample  65: 2-src RMSE=0.3406 cands=3 time=87.4s [OK]
[ 69/80] Sample  67: 2-src RMSE=0.1757 cands=3 time=94.2s [OK]
[ 70/80] Sample  70: 2-src RMSE=0.0999 cands=3 time=57.9s [OK]
[ 71/80] Sample  71: 2-src RMSE=0.2253 cands=3 time=59.8s [OK]
[ 72/80] Sample  69: 2-src RMSE=0.1439 cands=3 time=86.4s [OK]
[ 73/80] Sample  72: 2-src RMSE=0.2132 cands=3 time=61.0s [OK]
[ 74/80] Sample  73: 2-src RMSE=0.1870 cands=3 time=72.8s [OK]
[ 75/80] Sample  74: 2-src RMSE=0.2853 cands=3 time=62.2s [OK]
[ 76/80] Sample  75: 2-src RMSE=0.1014 cands=3 time=73.7s [OK]
[ 77/80] Sample  77: 2-src RMSE=0.1698 cands=3 time=61.2s [OK]
[ 78/80] Sample  79: 2-src RMSE=0.1068 cands=3 time=58.9s [OK]
[ 79/80] Sample  76: 2-src RMSE=0.1245 cands=3 time=88.8s [OK]
[ 80/80] Sample  78: 2-src RMSE=0.1799 cands=3 time=85.5s [OK]

======================================================================
RESULTS
======================================================================
RMSE:             0.144682
Submission Score: 1.1771
Projected (400):  60.6 min

  1-source: RMSE=0.1079 (n=32)
  2-source: RMSE=0.1692 (n=48)

W2 Baseline (40% temporal + polish): 1.1688 @ 58.4 min
This run: 1.1771 @ 60.6 min
Delta vs W2: +0.0083 score, +2.2 min

OVER BUDGET
======================================================================


High RMSE samples (1):
  Sample 57: 2-src RMSE=0.4639
