
Temporal 40% + Higher Sigma Optimizer
======================================================================
Samples: 80, Workers: 7
Fevals: 17/30
Sigma: 0.18/0.22
Timestep fraction: 40%
Final polish: 6 iterations
======================================================================
[  1/80] Sample   4: 1-src RMSE=0.1509 cands=3 time=23.6s [OK]
[  2/80] Sample   1: 1-src RMSE=0.1388 cands=3 time=23.9s [OK]
[  3/80] Sample   2: 1-src RMSE=0.0158 cands=3 time=23.9s [OK]
[  4/80] Sample   3: 1-src RMSE=0.0047 cands=3 time=30.2s [OK]
[  5/80] Sample   5: 1-src RMSE=0.1670 cands=3 time=30.9s [OK]
[  6/80] Sample   6: 1-src RMSE=0.0991 cands=3 time=31.1s [OK]
[  7/80] Sample   0: 1-src RMSE=0.1067 cands=3 time=31.3s [OK]
[  8/80] Sample   8: 1-src RMSE=0.0979 cands=3 time=23.7s [OK]
[  9/80] Sample   9: 1-src RMSE=0.1467 cands=3 time=32.7s [OK]
[ 10/80] Sample  12: 1-src RMSE=0.1492 cands=3 time=26.2s [OK]
[ 11/80] Sample   7: 1-src RMSE=0.2271 cands=3 time=37.0s [OK]
[ 12/80] Sample  13: 1-src RMSE=0.0324 cands=3 time=39.9s [OK]
[ 13/80] Sample  10: 1-src RMSE=0.1510 cands=3 time=41.1s [OK]
[ 14/80] Sample  11: 1-src RMSE=0.0333 cands=3 time=41.4s [OK]
[ 15/80] Sample  16: 1-src RMSE=0.1535 cands=3 time=29.1s [OK]
[ 16/80] Sample  14: 1-src RMSE=0.1501 cands=3 time=45.0s [OK]
[ 17/80] Sample  15: 1-src RMSE=0.0955 cands=3 time=41.6s [OK]
[ 18/80] Sample  17: 1-src RMSE=0.1000 cands=3 time=38.2s [OK]
[ 19/80] Sample  20: 1-src RMSE=0.0296 cands=3 time=28.7s [OK]
[ 20/80] Sample  18: 1-src RMSE=0.1657 cands=3 time=42.5s [OK]
[ 21/80] Sample  21: 1-src RMSE=0.0268 cands=3 time=29.4s [OK]
[ 22/80] Sample  19: 1-src RMSE=0.0989 cands=3 time=45.7s [OK]
[ 23/80] Sample  24: 1-src RMSE=0.1022 cands=3 time=29.5s [OK]
[ 24/80] Sample  25: 1-src RMSE=0.1030 cands=3 time=29.2s [OK]
[ 25/80] Sample  22: 1-src RMSE=0.1260 cands=3 time=43.2s [OK]
[ 26/80] Sample  23: 1-src RMSE=0.1013 cands=3 time=42.8s [OK]
[ 27/80] Sample  26: 1-src RMSE=0.1522 cands=3 time=27.8s [OK]
[ 28/80] Sample  28: 1-src RMSE=0.1249 cands=3 time=30.5s [OK]
[ 29/80] Sample  27: 1-src RMSE=0.1507 cands=3 time=45.0s [OK]
[ 30/80] Sample  31: 1-src RMSE=0.1001 cands=3 time=27.6s [OK]
[ 31/80] Sample  29: 1-src RMSE=0.0994 cands=3 time=37.8s [OK]
[ 32/80] Sample  30: 1-src RMSE=0.1202 cands=3 time=36.2s [OK]
[ 33/80] Sample  33: 2-src RMSE=0.1568 cands=3 time=59.5s [OK]
[ 34/80] Sample  32: 2-src RMSE=0.0602 cands=3 time=78.8s [OK]
[ 35/80] Sample  34: 2-src RMSE=0.1717 cands=3 time=78.7s [OK]
[ 36/80] Sample  37: 2-src RMSE=0.1515 cands=3 time=65.6s [OK]
[ 37/80] Sample  35: 2-src RMSE=0.1170 cands=3 time=73.9s [OK]
[ 38/80] Sample  36: 2-src RMSE=0.1646 cands=3 time=81.3s [OK]
[ 39/80] Sample  38: 2-src RMSE=0.1760 cands=3 time=91.7s [OK]
[ 40/80] Sample  39: 2-src RMSE=0.2584 cands=3 time=61.3s [OK]
[ 41/80] Sample  40: 2-src RMSE=0.3885 cands=3 time=66.8s [OK]
[ 42/80] Sample  41: 2-src RMSE=0.1091 cands=3 time=65.4s [OK]
[ 43/80] Sample  43: 2-src RMSE=0.1103 cands=3 time=64.3s [OK]
[ 44/80] Sample  44: 2-src RMSE=0.1262 cands=3 time=63.3s [OK]
[ 45/80] Sample  45: 2-src RMSE=0.2418 cands=3 time=57.5s [OK]
[ 46/80] Sample  42: 2-src RMSE=0.2091 cands=3 time=92.8s [OK]
[ 47/80] Sample  47: 2-src RMSE=0.1091 cands=3 time=63.2s [OK]
[ 48/80] Sample  46: 2-src RMSE=0.1747 cands=3 time=90.8s [OK]
[ 49/80] Sample  49: 2-src RMSE=0.1843 cands=3 time=65.6s [OK]
[ 50/80] Sample  50: 2-src RMSE=0.3918 cands=3 time=61.2s [OK]
[ 51/80] Sample  51: 2-src RMSE=0.1916 cands=3 time=54.6s [OK]
[ 52/80] Sample  53: 2-src RMSE=0.0689 cands=3 time=61.5s [OK]
[ 53/80] Sample  54: 2-src RMSE=0.1191 cands=3 time=59.2s [OK]
[ 54/80] Sample  52: 2-src RMSE=0.2209 cands=3 time=92.1s [OK]
[ 55/80] Sample  48: 2-src RMSE=0.2206 cands=3 time=126.1s [OK]
[ 56/80] Sample  55: 2-src RMSE=0.0733 cands=3 time=64.2s [OK]
[ 57/80] Sample  57: 2-src RMSE=0.3527 cands=3 time=76.3s [OK]
[ 58/80] Sample  56: 2-src RMSE=0.1347 cands=3 time=89.9s [OK]
[ 59/80] Sample  59: 2-src RMSE=0.0526 cands=3 time=60.0s [OK]
[ 60/80] Sample  61: 2-src RMSE=0.1044 cands=3 time=60.4s [OK]
[ 61/80] Sample  60: 2-src RMSE=0.1326 cands=3 time=63.1s [OK]
[ 62/80] Sample  58: 2-src RMSE=0.0998 cands=3 time=88.9s [OK]
[ 63/80] Sample  63: 2-src RMSE=0.2820 cands=3 time=61.6s [OK]
[ 64/80] Sample  64: 2-src RMSE=0.1071 cands=3 time=54.6s [OK]
[ 65/80] Sample  62: 2-src RMSE=0.1344 cands=3 time=99.5s [OK]
[ 66/80] Sample  66: 2-src RMSE=0.0712 cands=3 time=59.6s [OK]
[ 67/80] Sample  65: 2-src RMSE=0.4505 cands=3 time=93.2s [OK]
[ 68/80] Sample  68: 2-src RMSE=0.1384 cands=3 time=66.7s [OK]
[ 69/80] Sample  67: 2-src RMSE=0.2128 cands=3 time=96.2s [OK]
[ 70/80] Sample  70: 2-src RMSE=0.1335 cands=3 time=63.6s [OK]
[ 71/80] Sample  71: 2-src RMSE=0.1743 cands=3 time=61.6s [OK]
[ 72/80] Sample  72: 2-src RMSE=0.2132 cands=3 time=58.8s [OK]
[ 73/80] Sample  69: 2-src RMSE=0.2821 cands=3 time=100.9s [OK]
[ 74/80] Sample  74: 2-src RMSE=0.2499 cands=3 time=62.0s [OK]
[ 75/80] Sample  73: 2-src RMSE=0.1674 cands=3 time=76.1s [OK]
[ 76/80] Sample  77: 2-src RMSE=0.2362 cands=3 time=61.0s [OK]
[ 77/80] Sample  75: 2-src RMSE=0.1181 cands=3 time=81.2s [OK]
[ 78/80] Sample  76: 2-src RMSE=0.3023 cands=3 time=91.7s [OK]
[ 79/80] Sample  79: 2-src RMSE=0.1300 cands=3 time=61.4s [OK]
[ 80/80] Sample  78: 2-src RMSE=0.2877 cands=3 time=85.5s [OK]

======================================================================
RESULTS
======================================================================
RMSE:             0.153557
Submission Score: 1.1713
Projected (400):  56.8 min

  1-source: RMSE=0.1100 (n=32)
  2-source: RMSE=0.1826 (n=48)

W2 Baseline (40% temporal + polish): 1.1688 @ 58.4 min
This run: 1.1713 @ 56.8 min
Delta vs W2: +0.0025 score, -1.6 min

SUCCESS - Beat W2 baseline!
======================================================================


High RMSE samples (1):
  Sample 65: 2-src RMSE=0.4505
