Loading data...
Loaded 80 samples

COMBINING BEST FINDINGS:
  1. asymmetric_014_019: sigma 0.14/0.19 = 1.1745 @ 50.4 min
  2. scale_006: perturbation_scale=0.06 = 1.1709 @ 51.3 min

Hypothesis: These improvements will STACK...

============================================================
Config: asym_scale_005
Sigma: 1src=0.14, 2src=0.19
Perturbation scale: 0.05
N perturbations: 2
============================================================
  Progress: 20/80 samples, elapsed: 1.6 min
  Progress: 40/80 samples, elapsed: 4.0 min
  Progress: 60/80 samples, elapsed: 7.2 min
  Progress: 80/80 samples, elapsed: 11.5 min

--- Results for asym_scale_005 ---
  RMSE 1-source: 0.127310 (n=32)
  RMSE 2-source: 0.199464 (n=48)
  Score:         1.1596
  Time:          11.49 min
  Projected 400: 57.5 min
  Errors:        0
  In budget:     True (remaining: 2.5 min)

============================================================
Config: asym_scale_006_combined
Sigma: 1src=0.14, 2src=0.19
Perturbation scale: 0.06
N perturbations: 2
============================================================
  Progress: 20/80 samples, elapsed: 1.8 min
  Progress: 40/80 samples, elapsed: 4.2 min
  Progress: 60/80 samples, elapsed: 7.3 min
  Progress: 80/80 samples, elapsed: 10.6 min

--- Results for asym_scale_006_combined ---
  RMSE 1-source: 0.118192 (n=32)
  RMSE 2-source: 0.192024 (n=48)
  Score:         1.1657
  Time:          10.64 min
  Projected 400: 53.2 min
  Errors:        0
  In budget:     True (remaining: 6.8 min)

============================================================
Config: asym_scale_007
Sigma: 1src=0.14, 2src=0.19
Perturbation scale: 0.07
N perturbations: 2
============================================================
  Progress: 20/80 samples, elapsed: 1.8 min
  Progress: 40/80 samples, elapsed: 4.3 min
  Progress: 60/80 samples, elapsed: 7.4 min
  Progress: 80/80 samples, elapsed: 10.7 min

--- Results for asym_scale_007 ---
  RMSE 1-source: 0.126349 (n=32)
  RMSE 2-source: 0.189403 (n=48)
  Score:         1.1637
  Time:          10.74 min
  Projected 400: 53.7 min
  Errors:        0
  In budget:     True (remaining: 6.3 min)

======================================================================
EXPERIMENT RESULTS: COMBINED ASYMMETRIC SIGMA + OPTIMAL SCALE
======================================================================
Config                         Sigma  Scale    Score   Proj 400  RMSE 1src  RMSE 2src
-------------------------------------------------------------------------------------
asym_scale_005             0.14/0.19   0.05   1.1596      57.5m     0.1273     0.1995
asym_scale_006_combined    0.14/0.19   0.06   1.1657      53.2m     0.1182     0.1920
asym_scale_007             0.14/0.19   0.07   1.1637      53.7m     0.1263     0.1894

*** BEST IN-BUDGET: asym_scale_006_combined ***
    Score: 1.1657
    Sigma: 0.14/0.19
    Perturbation scale: 0.06
    Time: 53.2 min projected
    RMSE 1-src: 0.1182
    RMSE 2-src: 0.1920

    Delta vs asymmetric_014_019 (1.1745): -0.0088
    Delta vs scale_006 (1.1709): -0.0052

*** FAILED: Combined config did not beat either individual finding ***
