======================================================================
Experiment: sigma_015_019_nm6_4perturb
Trade 2 NM iterations for 2 more perturbations
======================================================================
Loaded 80 samples

======================================================================
Config: nm6_perturb4
Sigma: 1src=0.15, 2src=0.19
NM Polish: 6 iterations
Perturbations: 4
======================================================================
[  1/80] Sample   1: 1-src RMSE=0.1034 cands=3 time=16.6s [OK]
[  2/80] Sample   4: 1-src RMSE=0.1509 cands=2 time=17.5s [OK]
[  3/80] Sample   2: 1-src RMSE=0.0137 cands=1 time=17.5s [OK]
[  4/80] Sample   3: 1-src RMSE=0.0226 cands=3 time=21.6s [OK]
[  5/80] Sample   0: 1-src RMSE=0.1644 cands=3 time=21.9s [OK]
[  6/80] Sample   6: 1-src RMSE=0.1196 cands=3 time=22.0s [OK]
[  7/80] Sample   5: 1-src RMSE=0.1531 cands=2 time=22.1s [OK]
[  8/80] Sample   8: 1-src RMSE=0.0998 cands=2 time=18.6s [OK]
[  9/80] Sample  12: 1-src RMSE=0.1586 cands=3 time=17.5s [OK]
[ 10/80] Sample   9: 1-src RMSE=0.1901 cands=3 time=21.8s [OK]
[ 11/80] Sample   7: 1-src RMSE=0.2496 cands=3 time=26.2s [OK]
[ 12/80] Sample  11: 1-src RMSE=0.0064 cands=2 time=26.8s [OK]
[ 13/80] Sample  10: 1-src RMSE=0.1545 cands=3 time=27.3s [OK]
[ 14/80] Sample  13: 1-src RMSE=0.1600 cands=1 time=27.0s [OK]
[ 15/80] Sample  16: 1-src RMSE=0.1550 cands=3 time=19.3s [OK]
[ 16/80] Sample  14: 1-src RMSE=0.1725 cands=3 time=25.8s [OK]
[ 17/80] Sample  15: 1-src RMSE=0.1101 cands=3 time=25.9s [OK]
[ 18/80] Sample  20: 1-src RMSE=0.0800 cands=3 time=19.1s [OK]
[ 19/80] Sample  17: 1-src RMSE=0.1024 cands=2 time=26.0s [OK]
[ 20/80] Sample  18: 1-src RMSE=0.1129 cands=2 time=26.8s [OK]
[ 21/80] Sample  21: 1-src RMSE=0.1499 cands=2 time=17.6s [OK]
[ 22/80] Sample  19: 1-src RMSE=0.1047 cands=2 time=27.5s [OK]
[ 23/80] Sample  24: 1-src RMSE=0.1803 cands=1 time=18.5s [OK]
[ 24/80] Sample  22: 1-src RMSE=0.1080 cands=2 time=25.9s [OK]
[ 25/80] Sample  25: 1-src RMSE=0.2551 cands=3 time=19.4s [OK]
[ 26/80] Sample  23: 1-src RMSE=0.1318 cands=3 time=26.4s [OK]
[ 27/80] Sample  26: 1-src RMSE=0.1522 cands=3 time=19.7s [OK]
[ 28/80] Sample  28: 1-src RMSE=0.1656 cands=3 time=19.0s [OK]
[ 29/80] Sample  27: 1-src RMSE=0.1508 cands=2 time=29.0s [OK]
[ 30/80] Sample  31: 1-src RMSE=0.1022 cands=3 time=17.6s [OK]
[ 31/80] Sample  29: 1-src RMSE=0.0991 cands=3 time=23.2s [OK]
[ 32/80] Sample  30: 1-src RMSE=0.1009 cands=3 time=23.2s [OK]
[ 33/80] Sample  33: 2-src RMSE=0.1721 cands=3 time=44.4s [OK]
[ 34/80] Sample  32: 2-src RMSE=0.0433 cands=3 time=56.8s [OK]
[ 35/80] Sample  34: 2-src RMSE=0.4738 cands=3 time=56.0s [OK]
[ 36/80] Sample  35: 2-src RMSE=0.1048 cands=3 time=46.6s [OK]
[ 37/80] Sample  37: 2-src RMSE=0.1558 cands=3 time=45.7s [OK]
[ 38/80] Sample  36: 2-src RMSE=0.2547 cands=3 time=66.4s [OK]
[ 39/80] Sample  38: 2-src RMSE=0.1799 cands=3 time=67.9s [OK]
[ 40/80] Sample  39: 2-src RMSE=0.2179 cands=3 time=43.0s [OK]
[ 41/80] Sample  40: 2-src RMSE=0.2102 cands=3 time=43.5s [OK]
[ 42/80] Sample  41: 2-src RMSE=0.1357 cands=3 time=41.1s [OK]
[ 43/80] Sample  43: 2-src RMSE=0.2674 cands=3 time=47.3s [OK]
[ 44/80] Sample  44: 2-src RMSE=0.1346 cands=3 time=44.5s [OK]
[ 45/80] Sample  42: 2-src RMSE=0.4187 cands=1 time=67.9s [OK]
[ 46/80] Sample  45: 2-src RMSE=0.1968 cands=3 time=44.5s [OK]
[ 47/80] Sample  48: 2-src RMSE=0.2936 cands=3 time=45.7s [OK]
[ 48/80] Sample  47: 2-src RMSE=0.1065 cands=3 time=45.1s [OK]
[ 49/80] Sample  46: 2-src RMSE=0.1721 cands=3 time=67.4s [OK]
[ 50/80] Sample  49: 2-src RMSE=0.1780 cands=3 time=47.4s [OK]
[ 51/80] Sample  53: 2-src RMSE=0.2531 cands=3 time=43.4s [OK]
[ 52/80] Sample  54: 2-src RMSE=0.3311 cands=2 time=46.7s [OK]
[ 53/80] Sample  52: 2-src RMSE=0.1932 cands=3 time=70.3s [OK]
[ 54/80] Sample  55: 2-src RMSE=0.0891 cands=3 time=44.6s [OK]
[ 55/80] Sample  50: 2-src RMSE=0.2172 cands=3 time=90.9s [OK]
[ 56/80] Sample  51: 2-src RMSE=0.5407 cands=3 time=92.3s [OK]
[ 57/80] Sample  56: 2-src RMSE=0.1309 cands=3 time=69.0s [OK]
[ 58/80] Sample  57: 2-src RMSE=0.2976 cands=3 time=54.5s [OK]
[ 59/80] Sample  60: 2-src RMSE=0.1305 cands=3 time=45.2s [OK]
[ 60/80] Sample  59: 2-src RMSE=0.0229 cands=3 time=46.5s [OK]
[ 61/80] Sample  58: 2-src RMSE=0.1327 cands=3 time=67.0s [OK]
[ 62/80] Sample  61: 2-src RMSE=0.1163 cands=3 time=44.3s [OK]
[ 63/80] Sample  63: 2-src RMSE=0.2606 cands=3 time=46.3s [OK]
[ 64/80] Sample  62: 2-src RMSE=0.3092 cands=3 time=68.0s [OK]
[ 65/80] Sample  64: 2-src RMSE=0.1158 cands=3 time=44.2s [OK]
[ 66/80] Sample  66: 2-src RMSE=0.1059 cands=3 time=47.1s [OK]
[ 67/80] Sample  68: 2-src RMSE=0.1829 cands=3 time=46.6s [OK]
[ 68/80] Sample  65: 2-src RMSE=0.3775 cands=3 time=67.9s [OK]
[ 69/80] Sample  67: 2-src RMSE=0.2191 cands=3 time=67.1s [OK]
[ 70/80] Sample  70: 2-src RMSE=0.1538 cands=3 time=44.2s [OK]
[ 71/80] Sample  71: 2-src RMSE=0.2883 cands=3 time=45.0s [OK]
[ 72/80] Sample  72: 2-src RMSE=0.2423 cands=3 time=47.8s [OK]
[ 73/80] Sample  69: 2-src RMSE=0.1482 cands=3 time=70.5s [OK]
[ 74/80] Sample  74: 2-src RMSE=0.3791 cands=3 time=46.1s [OK]
[ 75/80] Sample  73: 2-src RMSE=0.1713 cands=3 time=57.4s [OK]
[ 76/80] Sample  77: 2-src RMSE=0.1661 cands=3 time=46.7s [OK]
[ 77/80] Sample  75: 2-src RMSE=0.1172 cands=3 time=57.4s [OK]
[ 78/80] Sample  79: 2-src RMSE=0.1215 cands=3 time=45.4s [OK]
[ 79/80] Sample  76: 2-src RMSE=0.1583 cands=3 time=66.6s [OK]
[ 80/80] Sample  78: 2-src RMSE=0.1998 cands=2 time=64.8s [OK]

======================================================================
RESULTS: nm6_perturb4
======================================================================
Score:            1.1307
Avg candidates:   2.75
RMSE 1-source:    0.130629 (n=32)
RMSE 2-source:    0.205999 (n=48)
Total time:       8.33 min
Projected (400):  41.7 min

Baseline:         1.1730 @ 50.4 min
Delta:            -0.0423 score, -8.7 min

NO IMPROVEMENT
