============================================================
REDUCED CONFIG: 3 Perturbations + tabu_distance=0.04
============================================================
True Baseline: 1.1337
4-pert + tabu 0.04 (over budget): 1.1555 @ 61.9 min
Goal: Fit budget while preserving most improvement

=== Run 1: 3pert_tabu004 ===
  Progress: 20/80
  Progress: 40/80
  Progress: 60/80
  Progress: 80/80
Result: Score=1.1468, Time=58.7 min, Candidates=2.81
  RMSE 1src: 0.1147, RMSE 2src: 0.1939
vs True Baseline (1.1337): +0.0131
vs 4-pert+tabu04 (1.1555): -0.0087

=== Run 2: 3pert_tabu004 ===
  Progress: 20/80
  Progress: 40/80
  Progress: 60/80
  Progress: 80/80
Result: Score=1.1484, Time=62.3 min, Candidates=2.86
  RMSE 1src: 0.1162, RMSE 2src: 0.2014
vs True Baseline (1.1337): +0.0147
vs 4-pert+tabu04 (1.1555): -0.0071

=== Run 3: 3pert_tabu004 ===
  Progress: 20/80
  Progress: 40/80
  Progress: 60/80
  Progress: 80/80
Result: Score=1.1482, Time=54.3 min, Candidates=2.80
  RMSE 1src: 0.1137, RMSE 2src: 0.1893
vs True Baseline (1.1337): +0.0145
vs 4-pert+tabu04 (1.1555): -0.0073

============================================================
SUMMARY: Reduced Configuration (3 pert + tabu 0.04)
============================================================

Run Results:
  Run 1: 1.1468 @ 58.7 min (+0.0131) [IN BUDGET]
  Run 2: 1.1484 @ 62.3 min (+0.0147) [OVER BUDGET]
  Run 3: 1.1482 @ 54.3 min (+0.0145) [IN BUDGET]

Statistics:
  Mean Score: 1.1478 +/- 0.0007
  Mean Time: 58.4 min
  vs True Baseline: +0.0141
  vs 4-pert+tabu04: -0.0077

Budget Status: IN BUDGET

CONCLUSION: SUCCESS - Significant improvement within budget!

Results saved to run_output.json
