
Config: maxiter_6 (refine_maxiter=6)
  Progress: 20/80
  Progress: 40/80
  Progress: 60/80
  Progress: 80/80
Result: Score=1.1468, Avg cands=2.84, Time=34.5 min
vs Current Best (1.1437): +0.0031

Config: maxiter_10 (refine_maxiter=10)
  Progress: 20/80
  Progress: 40/80
  Progress: 60/80
  Progress: 80/80
Result: Score=1.1389, Avg cands=2.81, Time=40.1 min
vs Current Best (1.1437): -0.0048

Config: maxiter_8 (refine_maxiter=8)
  Progress: 20/80
  Progress: 40/80
  Progress: 60/80
  Progress: 80/80
Result: Score=1.1425, Avg cands=2.83, Time=36.1 min
vs Current Best (1.1437): -0.0012

============================================================
SUMMARY: Refine Maxiter Tuning
============================================================
Current best (refine_maxiter=8): 1.1437 @ 42.2 min

  maxiter=6: 1.1468 @ 34.5 min (+0.0031) [IN BUDGET]
  maxiter=10: 1.1389 @ 40.1 min (-0.0048) [IN BUDGET]
  maxiter=8: 1.1425 @ 36.1 min (-0.0012) [IN BUDGET]

Best in-budget: maxiter=6 = 1.1468
[
  {
    "config_name": "maxiter_6",
    "refine_maxiter": 6,
    "score": 1.1468449747893956,
    "avg_n_cands": 2.8375,
    "projected_400_min": 34.49391003449758
  },
  {
    "config_name": "maxiter_10",
    "refine_maxiter": 10,
    "score": 1.138905324876981,
    "avg_n_cands": 2.8125,
    "projected_400_min": 40.13614239295324
  },
  {
    "config_name": "maxiter_8",
    "refine_maxiter": 8,
    "score": 1.142472651992986,
    "avg_n_cands": 2.825,
    "projected_400_min": 36.145921190579735
  }
]
