============================================================
4 PERTURBATIONS WITH REDUCED FEVALS
============================================================
True Baseline: 1.1337
4-pert @ fevals 20/44: 1.1555 @ 61.9 min (OVER BUDGET)
3-pert @ fevals 20/44: 1.1478 @ 58.4 min (IN BUDGET)
Goal: 4-pert with reduced fevals to fit budget

=== Run 1: 4pert_fevals_18_40 ===
  Progress: 20/80
  Progress: 40/80
  Progress: 60/80
  Progress: 80/80
Result: Score=1.1458, Time=70.0 min, Candidates=2.79
  RMSE 1src: 0.1168, RMSE 2src: 0.1896
vs True Baseline (1.1337): +0.0121
vs 4-pert @ full fevals (1.1555): -0.0097
vs 3-pert @ full fevals (1.1478): -0.0020

=== Run 2: 4pert_fevals_18_40 ===
  Progress: 20/80
  Progress: 40/80
  Progress: 60/80
  Progress: 80/80
Result: Score=1.1461, Time=64.3 min, Candidates=2.81
  RMSE 1src: 0.1217, RMSE 2src: 0.1897
vs True Baseline (1.1337): +0.0124
vs 4-pert @ full fevals (1.1555): -0.0094
vs 3-pert @ full fevals (1.1478): -0.0017

=== Run 3: 4pert_fevals_18_40 ===
  Progress: 20/80
  Progress: 40/80
  Progress: 60/80
  Progress: 80/80
Result: Score=1.1477, Time=65.9 min, Candidates=2.80
  RMSE 1src: 0.1134, RMSE 2src: 0.1896
vs True Baseline (1.1337): +0.0140
vs 4-pert @ full fevals (1.1555): -0.0078
vs 3-pert @ full fevals (1.1478): -0.0001

============================================================
SUMMARY: 4 Perturbations with Reduced Fevals (18/40)
============================================================

Run Results:
  Run 1: 1.1458 @ 70.0 min (+0.0121) [OVER BUDGET]
  Run 2: 1.1461 @ 64.3 min (+0.0124) [OVER BUDGET]
  Run 3: 1.1477 @ 65.9 min (+0.0140) [OVER BUDGET]

Statistics:
  Mean Score: 1.1465 +/- 0.0008
  Mean Time: 66.7 min
  vs True Baseline: +0.0128
  vs 4-pert full fevals: -0.0090
  vs 3-pert full fevals: -0.0013

Budget Status: OVER BUDGET

CONCLUSION: STILL OVER BUDGET - fevals reduction not enough

Results saved to run_output.json
