======================================================================
Experiment: sigma_015_019_fevals_22_40
Hypothesis: Combine optimal sigma with sweet spot fevals
======================================================================

Loading data...
Loaded 80 samples

======================================================================
Config: sigma_015_019_fevals_22_40
Sigma: 1src=0.15, 2src=0.19
Fevals: 1src=22, 2src=40
NM Polish: 8 iterations
Perturbations: 2
======================================================================
[  1/80] Sample   4: 1-src RMSE=0.1508 cands=3 time=17.0s [OK]
[  2/80] Sample   1: 1-src RMSE=0.1027 cands=3 time=18.1s [OK]
[  3/80] Sample   2: 1-src RMSE=0.0200 cands=1 time=18.5s [OK]
[  4/80] Sample   5: 1-src RMSE=0.1708 cands=3 time=21.8s [OK]
[  5/80] Sample   6: 1-src RMSE=0.1296 cands=3 time=23.1s [OK]
[  6/80] Sample   3: 1-src RMSE=0.1137 cands=3 time=24.0s [OK]
[  7/80] Sample   0: 1-src RMSE=0.1313 cands=1 time=24.1s [OK]
[  8/80] Sample   8: 1-src RMSE=0.0999 cands=3 time=18.3s [OK]
[  9/80] Sample  12: 1-src RMSE=0.1956 cands=2 time=16.9s [OK]
[ 10/80] Sample   9: 1-src RMSE=0.1783 cands=3 time=22.8s [OK]
[ 11/80] Sample   7: 1-src RMSE=0.2688 cands=3 time=25.3s [OK]
[ 12/80] Sample  10: 1-src RMSE=0.1719 cands=3 time=27.8s [OK]
[ 13/80] Sample  11: 1-src RMSE=0.0473 cands=3 time=28.1s [OK]
[ 14/80] Sample  13: 1-src RMSE=0.2663 cands=3 time=28.8s [OK]
[ 15/80] Sample  16: 1-src RMSE=0.1534 cands=1 time=18.6s [OK]
[ 16/80] Sample  14: 1-src RMSE=0.1577 cands=3 time=27.9s [OK]
[ 17/80] Sample  15: 1-src RMSE=0.0515 cands=3 time=27.2s [OK]
[ 18/80] Sample  17: 1-src RMSE=0.1045 cands=2 time=26.9s [OK]
[ 19/80] Sample  20: 1-src RMSE=0.0101 cands=2 time=18.2s [OK]
[ 20/80] Sample  18: 1-src RMSE=0.1304 cands=2 time=28.1s [OK]
[ 21/80] Sample  21: 1-src RMSE=0.1069 cands=2 time=18.1s [OK]
[ 22/80] Sample  19: 1-src RMSE=0.1019 cands=1 time=26.9s [OK]
[ 23/80] Sample  24: 1-src RMSE=0.2609 cands=2 time=20.0s [OK]
[ 24/80] Sample  25: 1-src RMSE=0.1946 cands=2 time=20.2s [OK]
[ 25/80] Sample  22: 1-src RMSE=0.1219 cands=2 time=27.3s [OK]
[ 26/80] Sample  23: 1-src RMSE=0.1050 cands=3 time=25.8s [OK]
[ 27/80] Sample  26: 1-src RMSE=0.1647 cands=3 time=16.9s [OK]
[ 28/80] Sample  28: 1-src RMSE=0.1001 cands=2 time=18.7s [OK]
[ 29/80] Sample  27: 1-src RMSE=0.1514 cands=2 time=30.0s [OK]
[ 30/80] Sample  31: 1-src RMSE=0.1019 cands=2 time=21.0s [OK]
[ 31/80] Sample  29: 1-src RMSE=0.0992 cands=2 time=24.6s [OK]
[ 32/80] Sample  30: 1-src RMSE=0.1191 cands=3 time=24.8s [OK]
[ 33/80] Sample  33: 2-src RMSE=0.1873 cands=3 time=44.3s [OK]
[ 34/80] Sample  32: 2-src RMSE=0.1271 cands=3 time=55.0s [OK]
[ 35/80] Sample  35: 2-src RMSE=0.2140 cands=3 time=47.2s [OK]
[ 36/80] Sample  34: 2-src RMSE=0.3297 cands=3 time=58.4s [OK]
[ 37/80] Sample  37: 2-src RMSE=0.1940 cands=3 time=46.6s [OK]
[ 38/80] Sample  39: 2-src RMSE=0.1948 cands=3 time=40.0s [OK]
[ 39/80] Sample  36: 2-src RMSE=0.2344 cands=2 time=68.5s [OK]
[ 40/80] Sample  38: 2-src RMSE=0.1729 cands=3 time=67.9s [OK]
[ 41/80] Sample  40: 2-src RMSE=0.2941 cands=3 time=46.6s [OK]
[ 42/80] Sample  41: 2-src RMSE=0.1460 cands=3 time=46.9s [OK]
[ 43/80] Sample  43: 2-src RMSE=0.1664 cands=3 time=45.1s [OK]
[ 44/80] Sample  42: 2-src RMSE=0.3405 cands=2 time=65.6s [OK]
[ 45/80] Sample  44: 2-src RMSE=0.1343 cands=3 time=42.7s [OK]
[ 46/80] Sample  45: 2-src RMSE=0.3356 cands=3 time=45.3s [OK]
[ 47/80] Sample  47: 2-src RMSE=0.1181 cands=3 time=46.2s [OK]
[ 48/80] Sample  48: 2-src RMSE=0.1518 cands=3 time=48.1s [OK]
[ 49/80] Sample  46: 2-src RMSE=0.1658 cands=3 time=70.6s [OK]
[ 50/80] Sample  49: 2-src RMSE=0.1692 cands=3 time=49.6s [OK]
[ 51/80] Sample  51: 2-src RMSE=0.2775 cands=2 time=43.5s [OK]
[ 52/80] Sample  50: 2-src RMSE=0.2662 cands=3 time=47.4s [OK]
[ 53/80] Sample  53: 2-src RMSE=0.1358 cands=3 time=48.3s [OK]
[ 54/80] Sample  52: 2-src RMSE=0.1725 cands=3 time=68.5s [OK]
[ 55/80] Sample  54: 2-src RMSE=0.2213 cands=2 time=46.5s [OK]
[ 56/80] Sample  55: 2-src RMSE=0.0298 cands=3 time=43.3s [OK]
[ 57/80] Sample  57: 2-src RMSE=0.4505 cands=3 time=54.9s [OK]
[ 58/80] Sample  56: 2-src RMSE=0.1013 cands=3 time=68.9s [OK]
[ 59/80] Sample  59: 2-src RMSE=0.0205 cands=3 time=46.5s [OK]
[ 60/80] Sample  58: 2-src RMSE=0.0997 cands=3 time=70.6s [OK]
[ 61/80] Sample  60: 2-src RMSE=0.1260 cands=3 time=48.6s [OK]
[ 62/80] Sample  61: 2-src RMSE=0.1863 cands=3 time=48.5s [OK]
[ 63/80] Sample  62: 2-src RMSE=0.1619 cands=3 time=68.4s [OK]
[ 64/80] Sample  64: 2-src RMSE=0.1081 cands=3 time=44.6s [OK]
[ 65/80] Sample  66: 2-src RMSE=0.1371 cands=3 time=48.6s [OK]
[ 66/80] Sample  68: 2-src RMSE=0.2124 cands=3 time=46.6s [OK]
[ 67/80] Sample  65: 2-src RMSE=0.3272 cands=3 time=68.5s [OK]
[ 68/80] Sample  70: 2-src RMSE=0.1486 cands=3 time=41.8s [OK]
[ 69/80] Sample  63: 2-src RMSE=0.3629 cands=3 time=91.7s [OK]
[ 70/80] Sample  67: 2-src RMSE=0.3140 cands=3 time=68.9s [OK]
[ 71/80] Sample  71: 2-src RMSE=0.2295 cands=3 time=43.6s [OK]
[ 72/80] Sample  69: 2-src RMSE=0.2512 cands=3 time=66.1s [OK]
[ 73/80] Sample  72: 2-src RMSE=0.2339 cands=3 time=43.5s [OK]
[ 74/80] Sample  74: 2-src RMSE=0.1362 cands=3 time=43.6s [OK]
[ 75/80] Sample  73: 2-src RMSE=0.1829 cands=3 time=56.0s [OK]
[ 76/80] Sample  75: 2-src RMSE=0.1578 cands=3 time=56.2s [OK]
[ 77/80] Sample  77: 2-src RMSE=0.2156 cands=3 time=47.0s [OK]
[ 78/80] Sample  76: 2-src RMSE=0.2919 cands=3 time=69.2s [OK]
[ 79/80] Sample  79: 2-src RMSE=0.1449 cands=3 time=47.6s [OK]
[ 80/80] Sample  78: 2-src RMSE=0.1634 cands=3 time=63.6s [OK]

======================================================================
RESULTS: sigma_015_019_fevals_22_40
======================================================================
Score:            1.1268
RMSE 1-source:    0.133825 (n=32)
RMSE 2-source:    0.198807 (n=48)
Total time:       8.27 min
Projected (400):  41.3 min

Baseline:         1.1730 @ 50.4 min
Delta:            -0.0462 score, -9.1 min

NO IMPROVEMENT
======================================================================
