============================================================
EXPERIMENT: tau=0.15 with 4pert_nm2
============================================================
Baseline (tau=0.20, 4pert_nm2): 1.1482 @ 51.7 min
Prior tau=0.15 result: +0.0053 but 67.2 min (over budget)
Testing: tau=0.15 with faster 4pert_nm2 config

=== Run 1: tau015_4pert_nm2 ===
  Progress: 20/80
  Progress: 40/80
  Progress: 60/80
  Progress: 80/80
Result: Score=1.1398, Time=74.5 min, Candidates=2.77
  RMSE 1src: 0.1179, RMSE 2src: 0.2025
  Candidate distribution: 3-cand=66, 2-cand=10, 1-cand=4
  Budget: OVER BUDGET

============================================================
RESULT
============================================================

Score: 1.1398 (vs baseline: -0.0084)
Time: 74.5 min (vs baseline: +22.8 min)
Budget: OVER
Candidates: 2.77
  3-cand: 66, 2-cand: 10, 1-cand: 4

*** OVER BUDGET. ***

Results saved to run_output.json
