Loading data...
Loaded 80 samples

Hypothesis: Combine optimal sigma 0.14/0.19 with 4 perturbations
Prior best: sigma 0.14/0.19 + 2 perturb + scale 0.06 = ~1.167

============================================================
Config: baseline_2perturb
Sigma: 1src=0.14, 2src=0.19
Perturbations: 2
Perturbation scale: 0.06
============================================================
  Progress: 20/80 samples, elapsed: 1.7 min
  Progress: 40/80 samples, elapsed: 4.0 min
  Progress: 60/80 samples, elapsed: 7.3 min
  Progress: 80/80 samples, elapsed: 10.7 min

--- Results for baseline_2perturb ---
  RMSE 1-source: 0.128587 (n=32)
  RMSE 2-source: 0.176970 (n=48)
  Score:         1.1675
  Time:          10.68 min
  Projected 400: 53.4 min
  In budget:     True (remaining: 6.6 min)

============================================================
Config: test_4perturb
Sigma: 1src=0.14, 2src=0.19
Perturbations: 4
Perturbation scale: 0.06
============================================================
  Progress: 20/80 samples, elapsed: 1.9 min
  Progress: 40/80 samples, elapsed: 4.8 min
  Progress: 60/80 samples, elapsed: 8.5 min
  Progress: 80/80 samples, elapsed: 12.3 min

--- Results for test_4perturb ---
  RMSE 1-source: 0.115523 (n=32)
  RMSE 2-source: 0.187471 (n=48)
  Score:         1.1684
  Time:          12.26 min
  Projected 400: 61.3 min
  In budget:     False (remaining: -1.3 min)

============================================================
Config: test_3perturb
Sigma: 1src=0.14, 2src=0.19
Perturbations: 3
Perturbation scale: 0.06
============================================================
  Progress: 20/80 samples, elapsed: 1.9 min
  Progress: 40/80 samples, elapsed: 4.4 min
  Progress: 60/80 samples, elapsed: 7.8 min
  Progress: 80/80 samples, elapsed: 11.4 min

--- Results for test_3perturb ---
  RMSE 1-source: 0.130704 (n=32)
  RMSE 2-source: 0.175861 (n=48)
  Score:         1.1671
  Time:          11.38 min
  Projected 400: 56.9 min
  In budget:     True (remaining: 3.1 min)

================================================================================
EXPERIMENT RESULTS: ASYMMETRIC SIGMA + PERTURBATION COUNT
================================================================================
Config                      Sigma  Perturb    Score   Proj 400  RMSE 1src  RMSE 2src
--------------------------------------------------------------------------------
baseline_2perturb       0.14/0.19        2   1.1675      53.4m     0.1286     0.1770
test_4perturb           0.14/0.19        4   1.1684      61.3m     0.1155     0.1875
test_3perturb           0.14/0.19        3   1.1671      56.9m     0.1307     0.1759

*** BEST IN-BUDGET: baseline_2perturb ***
    Score: 1.1675
    Perturbations: 2
    Time: 53.4 min

--- PERTURBATION COUNT ANALYSIS ---
test_4perturb: +0.0010 score, +7.9 min vs baseline
  → Within variance, no clear winner
test_3perturb: -0.0004 score, +3.5 min vs baseline
  → Within variance, no clear winner
