Loading data...
Loaded 80 samples

============================================================
Config: nm4_p1_fevals_20_36
Parameters: max_fevals_1src=20
            max_fevals_2src=36
            refine_maxiter=4
            n_perturbations=1
============================================================
  Progress: 20/80 samples, elapsed: 1.2 min
  Progress: 40/80 samples, elapsed: 2.9 min
  Progress: 60/80 samples, elapsed: 5.2 min
  Progress: 80/80 samples, elapsed: 7.8 min

--- Results for nm4_p1_fevals_20_36 ---
  RMSE 1-source: 0.123092 (n=32)
  RMSE 2-source: 0.215200 (n=48)
  Overall RMSE:  0.169146
  Score:         1.1553
  Time:          7.78 min
  Errors:        0

============================================================
Config: nm4_p1_fevals_22_40
Parameters: max_fevals_1src=22
            max_fevals_2src=40
            refine_maxiter=4
            n_perturbations=1
============================================================
  Progress: 20/80 samples, elapsed: 1.3 min
  Progress: 40/80 samples, elapsed: 3.4 min
  Progress: 60/80 samples, elapsed: 6.2 min
  Progress: 80/80 samples, elapsed: 9.2 min

--- Results for nm4_p1_fevals_22_40 ---
  RMSE 1-source: 0.127820 (n=32)
  RMSE 2-source: 0.197922 (n=48)
  Overall RMSE:  0.162871
  Score:         1.1599
  Time:          9.22 min
  Errors:        0

============================================================
Config: nm4_p1_fevals_24_44
Parameters: max_fevals_1src=24
            max_fevals_2src=44
            refine_maxiter=4
            n_perturbations=1
============================================================
  Progress: 20/80 samples, elapsed: 1.4 min
  Progress: 40/80 samples, elapsed: 3.6 min
  Progress: 60/80 samples, elapsed: 6.0 min
  Progress: 80/80 samples, elapsed: 8.6 min

--- Results for nm4_p1_fevals_24_44 ---
  RMSE 1-source: 0.118325 (n=32)
  RMSE 2-source: 0.196627 (n=48)
  Overall RMSE:  0.157476
  Score:         1.1639
  Time:          8.61 min
  Errors:        0

======================================================================
EXPERIMENT SUMMARY
======================================================================
Config                       Score     Time  RMSE 1src  RMSE 2src
----------------------------------------------------------------------
nm4_p1_fevals_20_36         1.1553     7.8m   0.123092   0.215200
nm4_p1_fevals_22_40         1.1599     9.2m   0.127820   0.197922
nm4_p1_fevals_24_44         1.1639     8.6m   0.118325   0.196627

----------------------------------------------------------------------
Projected times for 400 samples:
  nm4_p1_fevals_20_36         38.9 min (IN budget)
  nm4_p1_fevals_22_40         46.1 min (IN budget)
  nm4_p1_fevals_24_44         43.1 min (IN budget)

Best in-budget config: nm4_p1_fevals_24_44 with score 1.1639 @ 43.1 min projected
